[level]
tileset = tileset.png
map = .............................t..............
      .............t..............................
      .............g..............................
      ............................................
      ............................................
      ............................................
      ............................................
      ............................................
      ............................................
      ............................................
      ............................................
      ..................g.........................
      ............................................
      ............................................
      ............................................
      ...............................t............
      ............................................
      ............................................
      .......ttt..................................
      .....ttttt..................................
      ......ttttt.................................
      .....ttttttt................................
      ......t.ttt.................................
      ............................................
      ............................................
      ............................................

[.]
name = floor
tile = 0, 1
color = 117, 217, 18

[t]
name = tree
tile = 0, 4
tree = true
block = true
color = 92, 156, 28

[g]
name = goldmine
tile = 0, 1
sprite = GoldMine.png
color = 255, 255, 0